2026-09-02 16:41:46,591 INFO  - Stopping ip-reputation-checker
2026-09-02 16:41:46,595 DEBUG - ProcessKill 8696
2026-09-02 16:41:46,603 DEBUG - Stopping process 8696...
2026-09-02 16:41:46,635 DEBUG - Process 8696 canceled with code -1073741510.
2026-09-02 16:41:46,643 INFO  - Finished ip-reputation-checker
2026-09-02 16:41:55,801 DEBUG - Starting WinSW in console mode
2026-09-02 16:41:57,922 DEBUG - Starting WinSW in console mode
2026-09-02 16:41:57,957 INFO  - Starting service 'IP Reputation Checker (ip-reputation-checker)'...
2026-09-02 16:41:58,394 DEBUG - Starting WinSW in service mode
2026-09-02 16:41:58,426 INFO  - Service 'IP Reputation Checker (ip-reputation-checker)' started successfully.
2026-09-02 16:41:58,526 INFO  - Starting C:\Program Files\nodejs\node.exe server.js
2026-09-02 16:41:58,555 INFO  - Started process 23480
2026-09-02 16:41:58,569 DEBUG - Forwarding logs of the process System.Diagnostics.Process (node) to WinSW.SizeBasedRollingLogAppender
2026-09-02 16:42:06,809 DEBUG - Starting WinSW in console mode
2026-09-02 17:01:22,953 DEBUG - Starting WinSW in console mode
2026-09-02 17:01:25,112 DEBUG - Starting WinSW in console mode
2026-09-02 17:01:25,154 INFO  - Stopping service 'IP Reputation Checker (ip-reputation-checker)'...
2026-09-02 17:01:25,162 INFO  - Stopping ip-reputation-checker
2026-09-02 17:01:25,163 DEBUG - ProcessKill 23480
2026-09-02 17:01:25,167 DEBUG - Stopping process 23480...
2026-09-02 17:01:25,179 DEBUG - Process 23480 canceled with code -1073741510.
2026-09-02 17:01:25,183 INFO  - Finished ip-reputation-checker
2026-09-02 17:01:25,418 INFO  - Starting service 'IP Reputation Checker (ip-reputation-checker)'...
2026-09-02 17:01:25,915 DEBUG - Starting WinSW in service mode
2026-09-02 17:01:26,031 INFO  - Starting C:\Program Files\nodejs\node.exe server.js
2026-09-02 17:01:26,059 INFO  - Started process 10892
2026-09-02 17:01:26,073 DEBUG - Forwarding logs of the process System.Diagnostics.Process (node) to WinSW.SizeBasedRollingLogAppender
2026-09-02 17:01:26,201 INFO  - Service 'IP Reputation Checker (ip-reputation-checker)' restarted successfully.
2026-09-06 09:38:25,336 DEBUG - Starting WinSW in service mode
2026-09-06 09:38:25,551 INFO  - Starting C:\Program Files\nodejs\node.exe server.js
2026-09-06 09:38:26,013 INFO  - Started process 9048
2026-09-06 09:38:26,042 DEBUG - Forwarding logs of the process System.Diagnostics.Process (node) to WinSW.SizeBasedRollingLogAppender
2026-09-06 09:42:14,995 DEBUG - Starting WinSW in service mode
2026-09-06 09:42:15,220 INFO  - Starting C:\Program Files\nodejs\node.exe server.js
2026-09-06 09:42:15,654 INFO  - Started process 8680
2026-09-06 09:42:15,669 DEBUG - Forwarding logs of the process System.Diagnostics.Process (node) to WinSW.SizeBasedRollingLogAppender
2026-09-06 12:34:12,726 DEBUG - Starting WinSW in service mode
2026-09-06 12:34:12,928 INFO  - Starting C:\Program Files\nodejs\node.exe server.js
2026-09-06 12:34:13,425 INFO  - Started process 9100
2026-09-06 12:34:13,442 DEBUG - Forwarding logs of the process System.Diagnostics.Process (node) to WinSW.SizeBasedRollingLogAppender
2026-09-06 16:21:31,784 INFO  - Stopping ip-reputation-checker
2026-09-06 16:21:31,786 DEBUG - ProcessKill 9100
2026-09-06 16:21:31,797 DEBUG - Stopping process 9100...
2026-09-06 16:21:31,820 DEBUG - Process 9100 canceled with code -1073741510.
2026-09-06 16:21:31,832 INFO  - Finished ip-reputation-checker
2026-09-06 16:21:33,810 DEBUG - Starting WinSW in service mode
2026-09-06 16:21:33,923 INFO  - Starting C:\Program Files\nodejs\node.exe server.js
2026-09-06 16:21:33,950 INFO  - Started process 13344
2026-09-06 16:21:33,963 DEBUG - Forwarding logs of the process System.Diagnostics.Process (node) to WinSW.SizeBasedRollingLogAppender
2026-09-06 16:30:43,917 INFO  - Stopping ip-reputation-checker
2026-09-06 16:30:43,918 DEBUG - ProcessKill 13344
2026-09-06 16:30:43,922 DEBUG - Stopping process 13344...
2026-09-06 16:30:43,933 DEBUG - Process 13344 canceled with code -1073741510.
2026-09-06 16:30:43,938 INFO  - Finished ip-reputation-checker
2026-09-06 16:30:45,654 DEBUG - Starting WinSW in service mode
2026-09-06 16:30:45,770 INFO  - Starting C:\Program Files\nodejs\node.exe server.js
2026-09-06 16:30:45,795 INFO  - Started process 9092
2026-09-06 16:30:45,809 DEBUG - Forwarding logs of the process System.Diagnostics.Process (node) to WinSW.SizeBasedRollingLogAppender
2026-09-07 09:53:53,020 DEBUG - Starting WinSW in service mode
2026-09-07 09:53:53,224 INFO  - Starting C:\Program Files\nodejs\node.exe server.js
2026-09-07 09:53:53,671 INFO  - Started process 3516
2026-09-07 09:53:53,684 DEBUG - Forwarding logs of the process System.Diagnostics.Process (node) to WinSW.SizeBasedRollingLogAppender
2026-09-07 11:54:06,516 INFO  - Stopping ip-reputation-checker
2026-09-07 11:54:06,518 DEBUG - ProcessKill 3516
2026-09-07 11:54:06,522 DEBUG - Stopping process 3516...
2026-09-07 11:54:06,537 DEBUG - Process 3516 canceled with code -1073741510.
2026-09-07 11:54:06,543 INFO  - Finished ip-reputation-checker
2026-09-07 11:54:44,329 DEBUG - Starting WinSW in service mode
2026-09-07 11:54:44,442 INFO  - Starting C:\Program Files\nodejs\node.exe server.js
2026-09-07 11:54:44,779 INFO  - Started process 19972
2026-09-07 11:54:44,794 DEBUG - Forwarding logs of the process System.Diagnostics.Process (node) to WinSW.SizeBasedRollingLogAppender
2026-09-09 15:58:43,202 DEBUG - Starting WinSW in service mode
2026-09-09 15:58:43,459 INFO  - Starting C:\Program Files\nodejs\node.exe server.js
2026-09-09 15:58:43,925 INFO  - Started process 9324
2026-09-09 15:58:43,937 DEBUG - Forwarding logs of the process System.Diagnostics.Process (node) to WinSW.SizeBasedRollingLogAppender
2026-09-13 10:08:39,723 DEBUG - Starting WinSW in service mode
2026-09-13 10:08:39,940 INFO  - Starting C:\Program Files\nodejs\node.exe server.js
2026-09-13 10:08:40,381 INFO  - Started process 9452
2026-09-13 10:08:40,394 DEBUG - Forwarding logs of the process System.Diagnostics.Process (node) to WinSW.SizeBasedRollingLogAppender
2026-09-13 10:16:16,034 DEBUG - Starting WinSW in service mode
2026-09-13 10:16:16,342 INFO  - Starting C:\Program Files\nodejs\node.exe server.js
2026-09-13 10:16:16,783 INFO  - Started process 8336
2026-09-13 10:16:16,796 DEBUG - Forwarding logs of the process System.Diagnostics.Process (node) to WinSW.SizeBasedRollingLogAppender
2026-09-13 11:39:31,814 INFO  - Stopping ip-reputation-checker
2026-09-13 11:39:31,817 DEBUG - ProcessKill 8336
2026-09-13 11:39:31,831 DEBUG - Stopping process 8336...
2026-09-13 11:39:31,852 DEBUG - Process 8336 canceled with code -1073741510.
2026-09-13 11:39:31,863 INFO  - Finished ip-reputation-checker
2026-09-13 12:01:34,476 DEBUG - Starting WinSW in console mode
2026-09-13 12:01:37,251 DEBUG - Starting WinSW in console mode
2026-09-13 12:01:37,283 INFO  - Installing service 'IP Reputation Checker (ip-reputation-checker)'...
2026-09-13 12:01:37,289 ERROR - A service with ID 'ip-reputation-checker' already exists.
2026-09-13 12:01:37,291 FATAL - Failed to install the service. The specified service already exists.
2026-09-13 12:01:37,759 DEBUG - Starting WinSW in console mode
2026-09-13 12:01:39,798 DEBUG - Starting WinSW in console mode
2026-09-13 12:01:39,835 INFO  - Starting service 'IP Reputation Checker (ip-reputation-checker)'...
2026-09-13 12:01:39,848 FATAL - Cannot start service 'ip-reputation-checker' on computer '.'.
2026-09-13 12:01:40,313 DEBUG - Starting WinSW in console mode
2026-09-13 12:02:14,472 DEBUG - Starting WinSW in console mode
2026-09-13 12:02:16,722 DEBUG - Starting WinSW in console mode
2026-09-13 12:02:16,753 INFO  - Uninstalling service 'IP Reputation Checker (ip-reputation-checker)'...
2026-09-13 12:02:16,794 INFO  - Service 'IP Reputation Checker (ip-reputation-checker)' was uninstalled successfully.
2026-09-13 12:02:17,300 DEBUG - Starting WinSW in console mode
2026-09-13 12:02:19,450 DEBUG - Starting WinSW in console mode
2026-09-13 12:02:19,482 INFO  - Installing service 'IP Reputation Checker (ip-reputation-checker)'...
2026-09-13 12:02:19,511 INFO  - Service 'IP Reputation Checker (ip-reputation-checker)' was installed successfully.
2026-09-13 12:02:20,020 DEBUG - Starting WinSW in console mode
2026-09-13 12:02:22,156 DEBUG - Starting WinSW in console mode
2026-09-13 12:02:22,201 INFO  - Starting service 'IP Reputation Checker (ip-reputation-checker)'...
2026-09-13 12:02:22,646 DEBUG - Starting WinSW in service mode
2026-09-13 12:02:22,676 INFO  - Service 'IP Reputation Checker (ip-reputation-checker)' started successfully.
2026-09-13 12:02:22,786 INFO  - Starting C:\Program Files\nodejs\node.exe server.js
2026-09-13 12:02:22,815 INFO  - Started process 20656
2026-09-13 12:02:22,827 DEBUG - Forwarding logs of the process System.Diagnostics.Process (node) to WinSW.SizeBasedRollingLogAppender
2026-09-13 12:02:23,181 DEBUG - Starting WinSW in console mode
2026-09-13 12:17:57,432 INFO  - Stopping ip-reputation-checker
2026-09-13 12:17:57,434 DEBUG - ProcessKill 20656
2026-09-13 12:17:57,438 DEBUG - Stopping process 20656...
2026-09-13 12:17:57,451 DEBUG - Process 20656 canceled with code -1073741510.
2026-09-13 12:17:57,455 INFO  - Finished ip-reputation-checker
2026-09-13 12:17:59,202 DEBUG - Starting WinSW in service mode
2026-09-13 12:17:59,352 INFO  - Starting C:\Program Files\nodejs\node.exe server.js
2026-09-13 12:17:59,379 INFO  - Started process 21740
2026-09-13 12:17:59,391 DEBUG - Forwarding logs of the process System.Diagnostics.Process (node) to WinSW.SizeBasedRollingLogAppender
2026-09-14 10:34:58,943 INFO  - Stopping ip-reputation-checker
2026-09-14 10:34:58,948 DEBUG - ProcessKill 21740
2026-09-14 10:34:58,957 DEBUG - Stopping process 21740...
2026-09-14 10:34:58,981 DEBUG - Process 21740 canceled with code -1073741510.
2026-09-14 10:34:58,986 INFO  - Finished ip-reputation-checker
2026-09-14 10:34:59,599 DEBUG - Starting WinSW in service mode
2026-09-14 10:34:59,716 INFO  - Starting C:\Program Files\nodejs\node.exe server.js
2026-09-14 10:34:59,783 INFO  - Started process 15916
2026-09-14 10:34:59,797 DEBUG - Forwarding logs of the process System.Diagnostics.Process (node) to WinSW.SizeBasedRollingLogAppender
2026-09-15 10:03:27,913 DEBUG - Starting WinSW in service mode
2026-09-15 10:03:28,111 INFO  - Starting C:\Program Files\nodejs\node.exe server.js
2026-09-15 10:03:28,829 INFO  - Started process 9516
2026-09-15 10:03:28,839 DEBUG - Forwarding logs of the process System.Diagnostics.Process (node) to WinSW.SizeBasedRollingLogAppender
2026-09-16 11:01:32,222 DEBUG - Starting WinSW in service mode
2026-09-16 11:01:32,440 INFO  - Starting C:\Program Files\nodejs\node.exe server.js
2026-09-16 11:01:32,861 INFO  - Started process 9720
2026-09-16 11:01:32,873 DEBUG - Forwarding logs of the process System.Diagnostics.Process (node) to WinSW.SizeBasedRollingLogAppender
2026-09-16 11:11:51,061 DEBUG - Starting WinSW in service mode
2026-09-16 11:11:51,303 INFO  - Starting C:\Program Files\nodejs\node.exe server.js
2026-09-16 11:11:51,762 INFO  - Started process 9744
2026-09-16 11:11:51,774 DEBUG - Forwarding logs of the process System.Diagnostics.Process (node) to WinSW.SizeBasedRollingLogAppender
2026-09-21 09:55:22,322 DEBUG - Starting WinSW in service mode
2026-09-21 09:55:22,530 INFO  - Starting C:\Program Files\nodejs\node.exe server.js
2026-09-21 09:55:22,961 INFO  - Started process 8836
2026-09-21 09:55:22,976 DEBUG - Forwarding logs of the process System.Diagnostics.Process (node) to WinSW.SizeBasedRollingLogAppender
2026-09-22 14:49:34,641 DEBUG - Starting WinSW in service mode
2026-09-22 14:49:34,915 INFO  - Starting C:\Program Files\nodejs\node.exe server.js
2026-09-22 14:49:35,410 INFO  - Started process 9532
2026-09-22 14:49:35,423 DEBUG - Forwarding logs of the process System.Diagnostics.Process (node) to WinSW.SizeBasedRollingLogAppender
